// Jest Snapshot v1, https://goo.gl/fbAQLP

exports[`Search Component renders correctly 1`] = `
<DocumentFragment>
  <form
    class="search-form"
  >
    <input
      aria-label="Search"
      class="search-form__input-text"
      placeholder="Search..."
      type="text"
      value=""
    />
    <button
      class="search-form__btn"
      type="submit"
    >
      <svg>
        searchIcon.svg
      </svg>
    </button>
  </form>
</DocumentFragment>
`;
